[03-Jun-2025 13:57:25 Europe/Berlin] Processing request: ID=3, Action=approve
[03-Jun-2025 13:57:25 Europe/Berlin] Transaction started for request ID: 3
[03-Jun-2025 13:57:25 Europe/Berlin] Found request: {"id":3,"cpf":"12347","name":"Test User 3","designation":"Analyst","mobile":null,"section":"HR","ext":null,"direct":null,"dob":null,"dor":null,"level":null,"request_date":"2025-06-03 17:23:12","status":"pending"}
[03-Jun-2025 13:57:25 Europe/Berlin] Inserting new record into original_records for CPF: 12347
[03-Jun-2025 13:57:25 Europe/Berlin] PHP Warning:  Undefined array key "subsection" in C:\xampp\htdocs\AdminPanel\handle_approval.php on line 96
[03-Jun-2025 13:57:25 Europe/Berlin] Request approved successfully: ID=3
[03-Jun-2025 13:57:25 Europe/Berlin] Transaction committed successfully for request ID: 3
[03-Jun-2025 14:06:56 Europe/Berlin] Processing request: ID=1, Action=approve
[03-Jun-2025 14:06:56 Europe/Berlin] Transaction started for request ID: 1
[03-Jun-2025 14:06:56 Europe/Berlin] Found request: {"id":1,"cpf":12345,"name":"Test User 1","designation":"Manager","mobile":null,"section":"IT","ext":"123","direct":"456","dob":null,"dor":null,"level":null,"request_date":"2025-06-03 17:36:31","status":"pending"}
[03-Jun-2025 14:06:56 Europe/Berlin] Inserting new record into original_records for CPF: 12345
[03-Jun-2025 14:06:56 Europe/Berlin] ERROR in approval process: SQLSTATE[42S22]: Column not found: 1054 Unknown column 'subsection' in 'field list'
[03-Jun-2025 14:06:56 Europe/Berlin] Stack trace: #0 C:\xampp\htdocs\AdminPanel\handle_approval.php(77): PDO->prepare('\r\n             ...')
#1 {main}
[03-Jun-2025 14:07:01 Europe/Berlin] Processing request: ID=1, Action=approve
[03-Jun-2025 14:07:01 Europe/Berlin] Transaction started for request ID: 1
[03-Jun-2025 14:07:01 Europe/Berlin] Found request: {"id":1,"cpf":12345,"name":"Test User 1","designation":"Manager","mobile":null,"section":"IT","ext":"123","direct":"456","dob":null,"dor":null,"level":null,"request_date":"2025-06-03 17:36:31","status":"pending"}
[03-Jun-2025 14:07:01 Europe/Berlin] Inserting new record into original_records for CPF: 12345
[03-Jun-2025 14:07:01 Europe/Berlin] ERROR in approval process: SQLSTATE[42S22]: Column not found: 1054 Unknown column 'subsection' in 'field list'
[03-Jun-2025 14:07:01 Europe/Berlin] Stack trace: #0 C:\xampp\htdocs\AdminPanel\handle_approval.php(77): PDO->prepare('\r\n             ...')
#1 {main}
[03-Jun-2025 14:07:02 Europe/Berlin] Processing request: ID=1, Action=approve
[03-Jun-2025 14:07:02 Europe/Berlin] Transaction started for request ID: 1
[03-Jun-2025 14:07:02 Europe/Berlin] Found request: {"id":1,"cpf":12345,"name":"Test User 1","designation":"Manager","mobile":null,"section":"IT","ext":"123","direct":"456","dob":null,"dor":null,"level":null,"request_date":"2025-06-03 17:36:31","status":"pending"}
[03-Jun-2025 14:07:02 Europe/Berlin] Inserting new record into original_records for CPF: 12345
[03-Jun-2025 14:07:02 Europe/Berlin] ERROR in approval process: SQLSTATE[42S22]: Column not found: 1054 Unknown column 'subsection' in 'field list'
[03-Jun-2025 14:07:02 Europe/Berlin] Stack trace: #0 C:\xampp\htdocs\AdminPanel\handle_approval.php(77): PDO->prepare('\r\n             ...')
#1 {main}
[03-Jun-2025 14:07:02 Europe/Berlin] Processing request: ID=1, Action=approve
[03-Jun-2025 14:07:02 Europe/Berlin] Transaction started for request ID: 1
[03-Jun-2025 14:07:02 Europe/Berlin] Found request: {"id":1,"cpf":12345,"name":"Test User 1","designation":"Manager","mobile":null,"section":"IT","ext":"123","direct":"456","dob":null,"dor":null,"level":null,"request_date":"2025-06-03 17:36:31","status":"pending"}
[03-Jun-2025 14:07:02 Europe/Berlin] Inserting new record into original_records for CPF: 12345
[03-Jun-2025 14:07:02 Europe/Berlin] ERROR in approval process: SQLSTATE[42S22]: Column not found: 1054 Unknown column 'subsection' in 'field list'
[03-Jun-2025 14:07:02 Europe/Berlin] Stack trace: #0 C:\xampp\htdocs\AdminPanel\handle_approval.php(77): PDO->prepare('\r\n             ...')
#1 {main}
[03-Jun-2025 14:07:02 Europe/Berlin] Processing request: ID=1, Action=approve
[03-Jun-2025 14:07:02 Europe/Berlin] Transaction started for request ID: 1
[03-Jun-2025 14:07:02 Europe/Berlin] Found request: {"id":1,"cpf":12345,"name":"Test User 1","designation":"Manager","mobile":null,"section":"IT","ext":"123","direct":"456","dob":null,"dor":null,"level":null,"request_date":"2025-06-03 17:36:31","status":"pending"}
[03-Jun-2025 14:07:02 Europe/Berlin] Inserting new record into original_records for CPF: 12345
[03-Jun-2025 14:07:02 Europe/Berlin] ERROR in approval process: SQLSTATE[42S22]: Column not found: 1054 Unknown column 'subsection' in 'field list'
[03-Jun-2025 14:07:02 Europe/Berlin] Stack trace: #0 C:\xampp\htdocs\AdminPanel\handle_approval.php(77): PDO->prepare('\r\n             ...')
#1 {main}
[03-Jun-2025 14:07:02 Europe/Berlin] Processing request: ID=1, Action=approve
[03-Jun-2025 14:07:02 Europe/Berlin] Transaction started for request ID: 1
[03-Jun-2025 14:07:02 Europe/Berlin] Found request: {"id":1,"cpf":12345,"name":"Test User 1","designation":"Manager","mobile":null,"section":"IT","ext":"123","direct":"456","dob":null,"dor":null,"level":null,"request_date":"2025-06-03 17:36:31","status":"pending"}
[03-Jun-2025 14:07:02 Europe/Berlin] Inserting new record into original_records for CPF: 12345
[03-Jun-2025 14:07:02 Europe/Berlin] ERROR in approval process: SQLSTATE[42S22]: Column not found: 1054 Unknown column 'subsection' in 'field list'
[03-Jun-2025 14:07:02 Europe/Berlin] Stack trace: #0 C:\xampp\htdocs\AdminPanel\handle_approval.php(77): PDO->prepare('\r\n             ...')
#1 {main}
[03-Jun-2025 14:07:02 Europe/Berlin] Processing request: ID=1, Action=approve
[03-Jun-2025 14:07:02 Europe/Berlin] Transaction started for request ID: 1
[03-Jun-2025 14:07:02 Europe/Berlin] Found request: {"id":1,"cpf":12345,"name":"Test User 1","designation":"Manager","mobile":null,"section":"IT","ext":"123","direct":"456","dob":null,"dor":null,"level":null,"request_date":"2025-06-03 17:36:31","status":"pending"}
[03-Jun-2025 14:07:02 Europe/Berlin] Inserting new record into original_records for CPF: 12345
[03-Jun-2025 14:07:02 Europe/Berlin] ERROR in approval process: SQLSTATE[42S22]: Column not found: 1054 Unknown column 'subsection' in 'field list'
[03-Jun-2025 14:07:02 Europe/Berlin] Stack trace: #0 C:\xampp\htdocs\AdminPanel\handle_approval.php(77): PDO->prepare('\r\n             ...')
#1 {main}
[03-Jun-2025 14:07:03 Europe/Berlin] Processing request: ID=1, Action=approve
[03-Jun-2025 14:07:03 Europe/Berlin] Transaction started for request ID: 1
[03-Jun-2025 14:07:03 Europe/Berlin] Found request: {"id":1,"cpf":12345,"name":"Test User 1","designation":"Manager","mobile":null,"section":"IT","ext":"123","direct":"456","dob":null,"dor":null,"level":null,"request_date":"2025-06-03 17:36:31","status":"pending"}
[03-Jun-2025 14:07:03 Europe/Berlin] Inserting new record into original_records for CPF: 12345
[03-Jun-2025 14:07:03 Europe/Berlin] ERROR in approval process: SQLSTATE[42S22]: Column not found: 1054 Unknown column 'subsection' in 'field list'
[03-Jun-2025 14:07:03 Europe/Berlin] Stack trace: #0 C:\xampp\htdocs\AdminPanel\handle_approval.php(77): PDO->prepare('\r\n             ...')
#1 {main}
[03-Jun-2025 14:07:03 Europe/Berlin] Processing request: ID=1, Action=approve
[03-Jun-2025 14:07:03 Europe/Berlin] Transaction started for request ID: 1
[03-Jun-2025 14:07:03 Europe/Berlin] Found request: {"id":1,"cpf":12345,"name":"Test User 1","designation":"Manager","mobile":null,"section":"IT","ext":"123","direct":"456","dob":null,"dor":null,"level":null,"request_date":"2025-06-03 17:36:31","status":"pending"}
[03-Jun-2025 14:07:03 Europe/Berlin] Inserting new record into original_records for CPF: 12345
[03-Jun-2025 14:07:03 Europe/Berlin] ERROR in approval process: SQLSTATE[42S22]: Column not found: 1054 Unknown column 'subsection' in 'field list'
[03-Jun-2025 14:07:03 Europe/Berlin] Stack trace: #0 C:\xampp\htdocs\AdminPanel\handle_approval.php(77): PDO->prepare('\r\n             ...')
#1 {main}
[03-Jun-2025 14:07:03 Europe/Berlin] Processing request: ID=1, Action=approve
[03-Jun-2025 14:07:03 Europe/Berlin] Transaction started for request ID: 1
[03-Jun-2025 14:07:03 Europe/Berlin] Found request: {"id":1,"cpf":12345,"name":"Test User 1","designation":"Manager","mobile":null,"section":"IT","ext":"123","direct":"456","dob":null,"dor":null,"level":null,"request_date":"2025-06-03 17:36:31","status":"pending"}
[03-Jun-2025 14:07:03 Europe/Berlin] Inserting new record into original_records for CPF: 12345
[03-Jun-2025 14:07:03 Europe/Berlin] ERROR in approval process: SQLSTATE[42S22]: Column not found: 1054 Unknown column 'subsection' in 'field list'
[03-Jun-2025 14:07:03 Europe/Berlin] Stack trace: #0 C:\xampp\htdocs\AdminPanel\handle_approval.php(77): PDO->prepare('\r\n             ...')
#1 {main}
[03-Jun-2025 14:07:03 Europe/Berlin] Processing request: ID=1, Action=approve
[03-Jun-2025 14:07:03 Europe/Berlin] Transaction started for request ID: 1
[03-Jun-2025 14:07:03 Europe/Berlin] Found request: {"id":1,"cpf":12345,"name":"Test User 1","designation":"Manager","mobile":null,"section":"IT","ext":"123","direct":"456","dob":null,"dor":null,"level":null,"request_date":"2025-06-03 17:36:31","status":"pending"}
[03-Jun-2025 14:07:03 Europe/Berlin] Inserting new record into original_records for CPF: 12345
[03-Jun-2025 14:07:03 Europe/Berlin] ERROR in approval process: SQLSTATE[42S22]: Column not found: 1054 Unknown column 'subsection' in 'field list'
[03-Jun-2025 14:07:03 Europe/Berlin] Stack trace: #0 C:\xampp\htdocs\AdminPanel\handle_approval.php(77): PDO->prepare('\r\n             ...')
#1 {main}
[03-Jun-2025 14:09:58 Europe/Berlin] Processing request: ID=1, Action=approve
[03-Jun-2025 14:09:58 Europe/Berlin] Error in approval process: Request not found or already processed
[03-Jun-2025 14:41:33 Europe/Berlin] Processing request: ID=1, Action=approve
[03-Jun-2025 14:41:33 Europe/Berlin] PHP Warning:  Undefined array key "CPF" in C:\xampp\htdocs\AdminPanel\handle_approval.php on line 51
[03-Jun-2025 14:41:33 Europe/Berlin] Error in approval process: SQLSTATE[42S22]: Column not found: 1054 Unknown column 'ExtO' in 'field list'
[03-Jun-2025 14:41:34 Europe/Berlin] Processing request: ID=1, Action=approve
[03-Jun-2025 14:41:34 Europe/Berlin] PHP Warning:  Undefined array key "CPF" in C:\xampp\htdocs\AdminPanel\handle_approval.php on line 51
[03-Jun-2025 14:41:34 Europe/Berlin] Error in approval process: SQLSTATE[42S22]: Column not found: 1054 Unknown column 'ExtO' in 'field list'
[03-Jun-2025 14:41:34 Europe/Berlin] Processing request: ID=1, Action=approve
[03-Jun-2025 14:41:34 Europe/Berlin] PHP Warning:  Undefined array key "CPF" in C:\xampp\htdocs\AdminPanel\handle_approval.php on line 51
[03-Jun-2025 14:41:34 Europe/Berlin] Error in approval process: SQLSTATE[42S22]: Column not found: 1054 Unknown column 'ExtO' in 'field list'
[03-Jun-2025 14:41:34 Europe/Berlin] Processing request: ID=1, Action=approve
[03-Jun-2025 14:41:34 Europe/Berlin] PHP Warning:  Undefined array key "CPF" in C:\xampp\htdocs\AdminPanel\handle_approval.php on line 51
[03-Jun-2025 14:41:34 Europe/Berlin] Error in approval process: SQLSTATE[42S22]: Column not found: 1054 Unknown column 'ExtO' in 'field list'
[03-Jun-2025 14:41:34 Europe/Berlin] Processing request: ID=1, Action=approve
[03-Jun-2025 14:41:34 Europe/Berlin] PHP Warning:  Undefined array key "CPF" in C:\xampp\htdocs\AdminPanel\handle_approval.php on line 51
[03-Jun-2025 14:41:34 Europe/Berlin] Error in approval process: SQLSTATE[42S22]: Column not found: 1054 Unknown column 'ExtO' in 'field list'
[03-Jun-2025 14:41:34 Europe/Berlin] Processing request: ID=1, Action=approve
[03-Jun-2025 14:41:34 Europe/Berlin] PHP Warning:  Undefined array key "CPF" in C:\xampp\htdocs\AdminPanel\handle_approval.php on line 51
[03-Jun-2025 14:41:34 Europe/Berlin] Error in approval process: SQLSTATE[42S22]: Column not found: 1054 Unknown column 'ExtO' in 'field list'
[03-Jun-2025 14:41:34 Europe/Berlin] Processing request: ID=1, Action=approve
[03-Jun-2025 14:41:34 Europe/Berlin] PHP Warning:  Undefined array key "CPF" in C:\xampp\htdocs\AdminPanel\handle_approval.php on line 51
[03-Jun-2025 14:41:34 Europe/Berlin] Error in approval process: SQLSTATE[42S22]: Column not found: 1054 Unknown column 'ExtO' in 'field list'
[03-Jun-2025 14:41:35 Europe/Berlin] Processing request: ID=1, Action=approve
[03-Jun-2025 14:41:35 Europe/Berlin] PHP Warning:  Undefined array key "CPF" in C:\xampp\htdocs\AdminPanel\handle_approval.php on line 51
[03-Jun-2025 14:41:35 Europe/Berlin] Error in approval process: SQLSTATE[42S22]: Column not found: 1054 Unknown column 'ExtO' in 'field list'
[03-Jun-2025 14:41:35 Europe/Berlin] Processing request: ID=1, Action=approve
[03-Jun-2025 14:41:35 Europe/Berlin] PHP Warning:  Undefined array key "CPF" in C:\xampp\htdocs\AdminPanel\handle_approval.php on line 51
[03-Jun-2025 14:41:35 Europe/Berlin] Error in approval process: SQLSTATE[42S22]: Column not found: 1054 Unknown column 'ExtO' in 'field list'
[03-Jun-2025 14:41:35 Europe/Berlin] Processing request: ID=1, Action=approve
[03-Jun-2025 14:41:35 Europe/Berlin] PHP Warning:  Undefined array key "CPF" in C:\xampp\htdocs\AdminPanel\handle_approval.php on line 51
[03-Jun-2025 14:41:35 Europe/Berlin] Error in approval process: SQLSTATE[42S22]: Column not found: 1054 Unknown column 'ExtO' in 'field list'
[03-Jun-2025 14:41:37 Europe/Berlin] Processing request: ID=1, Action=reject
[03-Jun-2025 14:46:07 Europe/Berlin] Processing request: ID=2, Action=reject
[03-Jun-2025 14:46:16 Europe/Berlin] Processing request: ID=3, Action=reject
[03-Jun-2025 14:48:33 Europe/Berlin] Processing request: ID=4, Action=approve
[03-Jun-2025 14:48:34 Europe/Berlin] Processing request: ID=5, Action=approve
[03-Jun-2025 14:48:36 Europe/Berlin] Processing request: ID=6, Action=reject
[03-Jun-2025 14:48:36 Europe/Berlin] Processing request: ID=7, Action=reject
[03-Jun-2025 14:48:37 Europe/Berlin] Processing request: ID=8, Action=reject
[03-Jun-2025 19:33:37 Europe/Berlin] Processing request: ID=11, Action=approve
[03-Jun-2025 19:33:45 Europe/Berlin] Processing request: ID=15, Action=approve
[03-Jun-2025 19:34:07 Europe/Berlin] Processing request: ID=12, Action=approve
[03-Jun-2025 19:34:08 Europe/Berlin] Processing request: ID=13, Action=reject
[03-Jun-2025 19:34:24 Europe/Berlin] Processing request: ID=14, Action=approve
[03-Jun-2025 19:35:37 Europe/Berlin] Processing request: ID=16, Action=approve
[03-Jun-2025 19:35:46 Europe/Berlin] Processing request: ID=17, Action=reject
[03-Jun-2025 19:36:38 Europe/Berlin] Processing request: ID=18, Action=approve
[03-Jun-2025 19:36:48 Europe/Berlin] Processing request: ID=19, Action=approve
[03-Jun-2025 19:37:46 Europe/Berlin] Processing request: ID=21, Action=approve
[03-Jun-2025 19:37:47 Europe/Berlin] Processing request: ID=22, Action=approve
[03-Jun-2025 19:37:47 Europe/Berlin] Processing request: ID=23, Action=approve
[03-Jun-2025 19:37:48 Europe/Berlin] Processing request: ID=24, Action=approve
[03-Jun-2025 19:49:32 Europe/Berlin] Processing request: ID=26, Action=approve
[03-Jun-2025 19:49:36 Europe/Berlin] Processing request: ID=27, Action=approve
[03-Jun-2025 19:49:37 Europe/Berlin] Processing request: ID=28, Action=approve
[03-Jun-2025 19:49:51 Europe/Berlin] Processing request: ID=29, Action=approve
[03-Jun-2025 19:49:55 Europe/Berlin] Processing request: ID=25, Action=approve
[03-Jun-2025 19:50:09 Europe/Berlin] Processing request: ID=30, Action=approve
[03-Jun-2025 19:50:20 Europe/Berlin] Processing request: ID=20, Action=reject
[03-Jun-2025 19:55:42 Europe/Berlin] Processing request: ID=21, Action=approve
[03-Jun-2025 19:55:44 Europe/Berlin] Processing request: ID=21, Action=reject
[03-Jun-2025 19:56:11 Europe/Berlin] Processing request: ID=22, Action=approve
[03-Jun-2025 19:56:12 Europe/Berlin] Processing request: ID=23, Action=approve
[03-Jun-2025 19:56:18 Europe/Berlin] Processing request: ID=23, Action=approve
[03-Jun-2025 19:56:19 Europe/Berlin] Processing request: ID=23, Action=approve
[03-Jun-2025 19:56:20 Europe/Berlin] Processing request: ID=23, Action=approve
[03-Jun-2025 19:57:47 Europe/Berlin] Processing request: ID=5, Action=approve
[03-Jun-2025 19:57:48 Europe/Berlin] Processing request: ID=23, Action=approve
[03-Jun-2025 19:57:48 Europe/Berlin] Processing request: ID=23, Action=approve
[03-Jun-2025 19:57:49 Europe/Berlin] Processing request: ID=23, Action=approve
[03-Jun-2025 19:57:49 Europe/Berlin] Processing request: ID=23, Action=approve
[03-Jun-2025 19:57:49 Europe/Berlin] Processing request: ID=23, Action=approve
[03-Jun-2025 19:57:49 Europe/Berlin] Processing request: ID=23, Action=approve
[03-Jun-2025 19:57:49 Europe/Berlin] Processing request: ID=23, Action=approve
[03-Jun-2025 19:57:50 Europe/Berlin] Processing request: ID=23, Action=approve
[03-Jun-2025 19:57:50 Europe/Berlin] Processing request: ID=23, Action=approve
[03-Jun-2025 19:57:50 Europe/Berlin] Processing request: ID=23, Action=approve
[03-Jun-2025 19:57:50 Europe/Berlin] Processing request: ID=23, Action=approve
[03-Jun-2025 19:57:50 Europe/Berlin] Processing request: ID=23, Action=approve
[03-Jun-2025 19:57:50 Europe/Berlin] Processing request: ID=23, Action=approve
[03-Jun-2025 19:57:51 Europe/Berlin] Processing request: ID=23, Action=approve
[03-Jun-2025 19:57:51 Europe/Berlin] Processing request: ID=16, Action=approve
[03-Jun-2025 19:57:53 Europe/Berlin] Processing request: ID=23, Action=approve
[03-Jun-2025 19:57:55 Europe/Berlin] Processing request: ID=23, Action=approve
[03-Jun-2025 19:57:56 Europe/Berlin] Processing request: ID=23, Action=approve
[03-Jun-2025 19:57:57 Europe/Berlin] Processing request: ID=23, Action=approve
[03-Jun-2025 19:57:59 Europe/Berlin] Processing request: ID=23, Action=approve
[03-Jun-2025 19:58:00 Europe/Berlin] Processing request: ID=23, Action=approve
[03-Jun-2025 19:58:01 Europe/Berlin] Processing request: ID=23, Action=approve
[03-Jun-2025 19:58:02 Europe/Berlin] Processing request: ID=23, Action=approve
[03-Jun-2025 19:58:03 Europe/Berlin] Processing request: ID=23, Action=approve
[03-Jun-2025 19:58:05 Europe/Berlin] Processing request: ID=23, Action=approve
[03-Jun-2025 20:00:45 Europe/Berlin] Processing request: ID=23, Action=approve
[03-Jun-2025 20:00:46 Europe/Berlin] Processing request: ID=24, Action=approve
[03-Jun-2025 20:00:46 Europe/Berlin] Processing request: ID=16, Action=approve
[03-Jun-2025 20:00:47 Europe/Berlin] Processing request: ID=18, Action=approve
[03-Jun-2025 20:00:47 Europe/Berlin] Processing request: ID=19, Action=approve
[03-Jun-2025 20:00:47 Europe/Berlin] Processing request: ID=20, Action=approve
[03-Jun-2025 20:00:47 Europe/Berlin] Processing request: ID=11, Action=approve
[03-Jun-2025 20:00:58 Europe/Berlin] Processing request: ID=12, Action=approve
[03-Jun-2025 20:00:59 Europe/Berlin] Processing request: ID=14, Action=approve
[03-Jun-2025 20:01:02 Europe/Berlin] Processing request: ID=15, Action=reject
[03-Jun-2025 20:01:03 Europe/Berlin] Processing request: ID=4, Action=reject
[03-Jun-2025 20:27:54 Europe/Berlin] Processing request: ID=31, Action=approve
[04-Jun-2025 08:44:16 Europe/Berlin] Processing request: ID=1, Action=approve
[04-Jun-2025 08:44:23 Europe/Berlin] Processing request: ID=2, Action=reject
[04-Jun-2025 08:52:48 Europe/Berlin] Processing request: ID=3, Action=approve
[04-Jun-2025 08:52:49 Europe/Berlin] Processing request: ID=4, Action=approve
[04-Jun-2025 08:52:56 Europe/Berlin] Processing request: ID=5, Action=reject
[05-Jun-2025 06:21:59 Europe/Berlin] Unauthorized access attempt
[05-Jun-2025 06:22:01 Europe/Berlin] Processing request: ID=11, Action=approve
[05-Jun-2025 06:22:04 Europe/Berlin] Processing request: ID=11, Action=approve
[05-Jun-2025 06:22:06 Europe/Berlin] Processing request: ID=11, Action=reject
[05-Jun-2025 06:22:07 Europe/Berlin] Processing request: ID=6, Action=approve
[05-Jun-2025 06:22:08 Europe/Berlin] Processing request: ID=7, Action=approve
[05-Jun-2025 06:23:51 Europe/Berlin] Processing request: ID=8, Action=approve
[05-Jun-2025 06:24:09 Europe/Berlin] Processing request: ID=9, Action=approve
[05-Jun-2025 06:25:37 Europe/Berlin] Processing request: ID=10, Action=approve
[05-Jun-2025 11:28:47 Europe/Berlin] Processing request: ID=12, Action=approve
[05-Jun-2025 11:28:49 Europe/Berlin] Processing request: ID=13, Action=reject
